// Jest Snapshot v1, https://goo.gl/fbAQLP

exports[`should be possible to create a computer 1`] = `
{
  "halt": [Function],
  "input": [Function],
  "isInputPending": true,
  "output": [Function],
  "run": [Function],
}
`;
