// Jest Snapshot v1, https://goo.gl/fbAQLP

exports[`Part 1 should produce the correct value for the input data 1`] = `3456641`;

exports[`Part 2 should produce the correct value for the input data 1`] = `5182078`;
