// Jest Snapshot v1, https://goo.gl/fbAQLP

exports[`Part 1 should produce the correct value for the input data 1`] = `2392`;

exports[`Part 2 should produce the correct value for the input data 1`] = `
"
▒▒▒▒▒▒▒▒▒▒▒▒▒▒▒▒▒▒▒▒▒▒▒▒▒▒▒▒▒▒▒▒▒▒▒▒▒▒▒▒▒▒▒▒▒▒▒▒▒▒▒▒▒▒▒▒▒▒▒▒▒▒▒▒▒▒▒▒▒▒▒▒▒▒▒▒▒▒▒▒▒▒▒▒▒▒
▒▒▒▒▒▒▒▒▒▒▒▒▒▒▒▒▒▒▒▒▒▒▒▒▒▒▒▒▒▒▒▒▒▒▒▒▒▒▒▒▒▒▒▒▒▒▒▒▒▒▒▒▒▒▒▒▒▒▒▒▒▒▒▒▒▒▒▒▒▒▒▒▒▒▒▒▒▒▒▒▒▒▒▒▒▒
▒▒▒▒████████▒▒▒▒████▒▒▒▒██████▒▒▒▒██▒▒▒▒██▒▒██▒▒▒▒▒▒▒▒████████▒▒██▒▒▒▒██▒▒████████▒▒▒▒
▒▒▒▒████████▒▒▒▒████▒▒▒▒██████▒▒▒▒██▒▒▒▒██▒▒██▒▒▒▒▒▒▒▒████████▒▒██▒▒▒▒██▒▒████████▒▒▒▒
▒▒▒▒██▒▒▒▒▒▒▒▒██▒▒▒▒██▒▒██▒▒▒▒██▒▒██▒▒▒▒██▒▒██▒▒▒▒▒▒▒▒██▒▒▒▒▒▒▒▒██▒▒▒▒██▒▒██▒▒▒▒▒▒▒▒▒▒
▒▒▒▒██▒▒▒▒▒▒▒▒██▒▒▒▒██▒▒██▒▒▒▒██▒▒██▒▒▒▒██▒▒██▒▒▒▒▒▒▒▒██▒▒▒▒▒▒▒▒██▒▒▒▒██▒▒██▒▒▒▒▒▒▒▒▒▒
▒▒▒▒██████▒▒▒▒██▒▒▒▒▒▒▒▒██████▒▒▒▒████████▒▒██▒▒▒▒▒▒▒▒██████▒▒▒▒██▒▒▒▒██▒▒██████▒▒▒▒▒▒
▒▒▒▒██████▒▒▒▒██▒▒▒▒▒▒▒▒██████▒▒▒▒████████▒▒██▒▒▒▒▒▒▒▒██████▒▒▒▒██▒▒▒▒██▒▒██████▒▒▒▒▒▒
▒▒▒▒██▒▒▒▒▒▒▒▒██▒▒████▒▒██▒▒▒▒██▒▒██▒▒▒▒██▒▒██▒▒▒▒▒▒▒▒██▒▒▒▒▒▒▒▒██▒▒▒▒██▒▒██▒▒▒▒▒▒▒▒▒▒
▒▒▒▒██▒▒▒▒▒▒▒▒██▒▒████▒▒██▒▒▒▒██▒▒██▒▒▒▒██▒▒██▒▒▒▒▒▒▒▒██▒▒▒▒▒▒▒▒██▒▒▒▒██▒▒██▒▒▒▒▒▒▒▒▒▒
▒▒▒▒██▒▒▒▒▒▒▒▒██▒▒▒▒██▒▒██▒▒▒▒██▒▒██▒▒▒▒██▒▒██▒▒▒▒▒▒▒▒██▒▒▒▒▒▒▒▒██▒▒▒▒██▒▒██▒▒▒▒▒▒▒▒▒▒
▒▒▒▒██▒▒▒▒▒▒▒▒██▒▒▒▒██▒▒██▒▒▒▒██▒▒██▒▒▒▒██▒▒██▒▒▒▒▒▒▒▒██▒▒▒▒▒▒▒▒██▒▒▒▒██▒▒██▒▒▒▒▒▒▒▒▒▒
▒▒▒▒████████▒▒▒▒██████▒▒██████▒▒▒▒██▒▒▒▒██▒▒████████▒▒████████▒▒▒▒████▒▒▒▒████████▒▒▒▒
▒▒▒▒████████▒▒▒▒██████▒▒██████▒▒▒▒██▒▒▒▒██▒▒████████▒▒████████▒▒▒▒████▒▒▒▒████████▒▒▒▒
▒▒▒▒▒▒▒▒▒▒▒▒▒▒▒▒▒▒▒▒▒▒▒▒▒▒▒▒▒▒▒▒▒▒▒▒▒▒▒▒▒▒▒▒▒▒▒▒▒▒▒▒▒▒▒▒▒▒▒▒▒▒▒▒▒▒▒▒▒▒▒▒▒▒▒▒▒▒▒▒▒▒▒▒▒▒
▒▒▒▒▒▒▒▒▒▒▒▒▒▒▒▒▒▒▒▒▒▒▒▒▒▒▒▒▒▒▒▒▒▒▒▒▒▒▒▒▒▒▒▒▒▒▒▒▒▒▒▒▒▒▒▒▒▒▒▒▒▒▒▒▒▒▒▒▒▒▒▒▒▒▒▒▒▒▒▒▒▒▒▒▒▒
"
`;
